yarn run v1.22.22
$ craco build
Creating an optimized production build...
Compiled with warnings.

[eslint] 
src/components/SertexMain.jsx
  Line 225:6:  React Hook useEffect has a missing dependency: 'state'. Either include it or remove the dependency array  react-hooks/exhaustive-deps

Search for the keywords to learn more about each warning.
To ignore, add // eslint-disable-next-line to the line before.

File sizes after gzip:

  598.48 kB (+2.99 kB)  build/static/js/main.1e906977.js
  46.35 kB              build/static/js/239.e39fb35b.chunk.js
  14.79 kB              build/static/css/main.371fc166.css
  301 B                 build/static/js/869.b6dda42b.chunk.js
  230 B                 build/static/js/974.87dcfbc9.chunk.js
  215 B                 build/static/js/484.14cb0921.chunk.js

The bundle size is significantly larger than recommended.
Consider reducing it with code splitting: https://goo.gl/9VhYWB
You can also analyze the project dependencies: https://goo.gl/LeUzfb

The project was built assuming it is hosted at /.
You can control this with the homepage field in your package.json.

The build folder is ready to be deployed.
You may serve it with a static server:

  yarn global add serve
  serve -s build

Find out more about deployment here:

  https://cra.link/deployment

Done in 23.14s.
